Detail debug info
normal info
Warning msg
Error occured
critical failure!..
Detail debug info
Detail debug info
normal info
normal info
Warning msg
Warning msg
Error occurred
Error occurred
critical failure!..
critical failure!..
Detail debug info
normal info
Warning msg
Error occurred
critical failure!..
Detail debug info
normal info
Warning msg
Error occurred
critical failure!..
Detail debug info
normal info
Warning msg
Error occurred
critical failure!..
hydra
hydra
Detail debug info
normal info
Warning msg
Error occurred
critical failure!..
hydra
Detail debug info
Detail debug info
normal info
normal info
Warning msg
Warning msg
Error occurred
Error occurred
critical failure!..
critical failure!..
hydra
hydra
Detail debug info
normal info
Warning msg
Error occurred
critical failure!..
hydra
Detail debug info
Detail debug info
normal info
normal info
Warning msg
Warning msg
Error occurred
Error occurred
critical failure!..
critical failure!..
Detail debug info
Detail debug info
Detail debug info
normal info
normal info
normal info
Warning msg
Warning msg
Warning msg
Error occurred
Error occurred
Error occurred
critical failure!..
critical failure!..
critical failure!..
Detail debug info
normal info
Warning msg
Error occurred
critical failure!..
hydra
Detail debug info
normal info
Warning msg
Error occurred
critical failure!..
hydra
